# tagpu_cobtrace v1	filter=,ARMPW,	columns: S tick unit type script slot source args… | R tick unit slot script value | X tick unit script source | K tick unit slot script by | D tick unit slot value
S	93	1	ARMPW	Create	0	E	
S	93	1	ARMPW	MotionControl	1	C:0	
S	93	1	ARMPW	SmokeUnit	2	C:0	
R	93	1	0	Create	0
S	93	1	ARMPW	QueryPrimary	0	E	0,0,0,0
R	93	1	0	QueryPrimary	0
S	93	1	ARMPW	AimFromPrimary	0	E	-1,0,0,0
R	93	1	0	AimFromPrimary	0
S	93	1	ARMPW	SetMaxReloadTime	0	E	400
R	94	1	0	SetMaxReloadTime	0
S	94	1	ARMPW	StartMoving	0	E	
R	94	1	0	StartMoving	0
S	96	1	ARMPW	walk	0	L:1	
R	115	1	0	walk	0
S	115	1	ARMPW	walk	0	L:1	
R	134	1	0	walk	0
S	134	1	ARMPW	walk	0	L:1	
R	153	1	0	walk	0
S	153	1	ARMPW	walk	0	L:1	
R	172	1	0	walk	0
S	172	1	ARMPW	walk	0	L:1	
R	191	1	0	walk	0
S	191	1	ARMPW	walk	0	L:1	
R	210	1	0	walk	0
S	210	1	ARMPW	walk	0	L:1	
R	229	1	0	walk	0
S	229	1	ARMPW	walk	0	L:1	
R	248	1	0	walk	0
S	248	1	ARMPW	walk	0	L:1	
R	267	1	0	walk	0
S	267	1	ARMPW	walk	0	L:1	
R	286	1	0	walk	0
S	286	1	ARMPW	walk	0	L:1	
R	305	1	0	walk	0
S	305	1	ARMPW	walk	0	L:1	
S	311	1	ARMPW	StopMoving	3	E	
R	311	1	3	StopMoving	0
R	324	1	0	walk	0
