# tagpu_cobtrace v1	filter=,ARMHAWK,	columns: S tick unit type script slot source args… | R tick unit slot script value | X tick unit script source | K tick unit slot script by | D tick unit slot value
S	91	1	ARMHAWK	Create	0	E	
S	91	1	ARMHAWK	InitState	1	L:0	
R	91	1	1	InitState	0
S	91	1	ARMHAWK	QueryPrimary	1	E	0,0,0,0
R	91	1	1	QueryPrimary	0
S	91	1	ARMHAWK	QueryPrimary	1	E	0,0,0,0
R	91	1	1	QueryPrimary	0
S	91	1	ARMHAWK	QuerySecondary	1	E	0,0,0,0
R	91	1	1	QuerySecondary	0
S	91	1	ARMHAWK	QuerySecondary	1	E	0,0,0,0
R	91	1	1	QuerySecondary	0
S	92	1	ARMHAWK	SmokeUnit	1	C:0	
R	92	1	0	Create	0
S	92	1	ARMHAWK	Activate	0	E	
S	93	1	ARMHAWK	RequestState	2	C:0	0
R	93	1	0	Activate	0
S	93	1	ARMHAWK	activatescr	0	L:2	
R	124	1	0	activatescr	0
R	124	1	2	RequestState	0
S	202	1	ARMHAWK	MoveRate2	0	E	
D	202	1	0	8
R	202	1	0	MoveRate2	0
S	236	1	ARMHAWK	QueryPrimary	0	E	0,0,0,0
R	236	1	0	QueryPrimary	0
S	236	1	ARMHAWK	QueryPrimary	0	E	0,0,0,0
R	236	1	0	QueryPrimary	0
S	236	1	ARMHAWK	QuerySecondary	0	E	0,0,0,0
R	236	1	0	QuerySecondary	0
S	236	1	ARMHAWK	QuerySecondary	0	E	0,0,0,0
R	236	1	0	QuerySecondary	0
S	326	1	ARMHAWK	QueryPrimary	0	E	0,0,0,0
R	326	1	0	QueryPrimary	0
S	326	1	ARMHAWK	QuerySecondary	0	E	0,0,0,0
R	326	1	0	QuerySecondary	0
S	327	1	ARMHAWK	QueryPrimary	0	E	0,0,0,0
R	327	1	0	QueryPrimary	0
S	327	1	ARMHAWK	QuerySecondary	0	E	0,0,0,0
R	327	1	0	QuerySecondary	0
S	328	1	ARMHAWK	QueryPrimary	0	E	0,0,0,0
R	328	1	0	QueryPrimary	0
S	328	1	ARMHAWK	QuerySecondary	0	E	0,0,0,0
R	328	1	0	QuerySecondary	0
S	329	1	ARMHAWK	QueryPrimary	0	E	0,0,0,0
R	329	1	0	QueryPrimary	0
S	329	1	ARMHAWK	QuerySecondary	0	E	0,0,0,0
R	329	1	0	QuerySecondary	0
S	330	1	ARMHAWK	QueryPrimary	0	E	0,0,0,0
R	330	1	0	QueryPrimary	0
S	330	1	ARMHAWK	QuerySecondary	0	E	0,0,0,0
R	330	1	0	QuerySecondary	0
S	331	1	ARMHAWK	QueryPrimary	0	E	0,0,0,0
R	331	1	0	QueryPrimary	0
S	331	1	ARMHAWK	QuerySecondary	0	E	0,0,0,0
R	331	1	0	QuerySecondary	0
S	332	1	ARMHAWK	QueryPrimary	0	E	0,0,0,0
R	332	1	0	QueryPrimary	0
S	332	1	ARMHAWK	QuerySecondary	0	E	0,0,0,0
R	332	1	0	QuerySecondary	0
S	333	1	ARMHAWK	QueryPrimary	0	E	0,0,0,0
R	333	1	0	QueryPrimary	0
S	333	1	ARMHAWK	QuerySecondary	0	E	0,0,0,0
R	333	1	0	QuerySecondary	0
S	334	1	ARMHAWK	QueryPrimary	0	E	0,0,0,0
R	334	1	0	QueryPrimary	0
S	334	1	ARMHAWK	QuerySecondary	0	E	0,0,0,0
R	334	1	0	QuerySecondary	0
S	335	1	ARMHAWK	QueryPrimary	0	E	0,0,0,0
R	335	1	0	QueryPrimary	0
S	335	1	ARMHAWK	QuerySecondary	0	E	0,0,0,0
R	335	1	0	QuerySecondary	0
S	336	1	ARMHAWK	QueryPrimary	0	E	0,0,0,0
R	336	1	0	QueryPrimary	0
S	336	1	ARMHAWK	QuerySecondary	0	E	0,0,0,0
R	336	1	0	QuerySecondary	0
S	337	1	ARMHAWK	QueryPrimary	0	E	0,0,0,0
R	337	1	0	QueryPrimary	0
S	337	1	ARMHAWK	QuerySecondary	0	E	0,0,0,0
R	337	1	0	QuerySecondary	0
S	338	1	ARMHAWK	QueryPrimary	0	E	0,0,0,0
R	338	1	0	QueryPrimary	0
S	338	1	ARMHAWK	QuerySecondary	0	E	0,0,0,0
R	338	1	0	QuerySecondary	0
S	339	1	ARMHAWK	QueryPrimary	0	E	0,0,0,0
R	339	1	0	QueryPrimary	0
S	339	1	ARMHAWK	QuerySecondary	0	E	0,0,0,0
R	339	1	0	QuerySecondary	0
S	340	1	ARMHAWK	QueryPrimary	0	E	0,0,0,0
R	340	1	0	QueryPrimary	0
S	340	1	ARMHAWK	QuerySecondary	0	E	0,0,0,0
R	340	1	0	QuerySecondary	0
S	341	1	ARMHAWK	QueryPrimary	0	E	0,0,0,0
R	341	1	0	QueryPrimary	0
S	341	1	ARMHAWK	QuerySecondary	0	E	0,0,0,0
R	341	1	0	QuerySecondary	0
S	342	1	ARMHAWK	QueryPrimary	0	E	0,0,0,0
R	342	1	0	QueryPrimary	0
S	342	1	ARMHAWK	QuerySecondary	0	E	0,0,0,0
R	342	1	0	QuerySecondary	0
S	343	1	ARMHAWK	QueryPrimary	0	E	0,0,0,0
R	343	1	0	QueryPrimary	0
S	343	1	ARMHAWK	QuerySecondary	0	E	0,0,0,0
R	343	1	0	QuerySecondary	0
S	344	1	ARMHAWK	QueryPrimary	0	E	0,0,0,0
R	344	1	0	QueryPrimary	0
S	344	1	ARMHAWK	QuerySecondary	0	E	0,0,0,0
R	344	1	0	QuerySecondary	0
S	345	1	ARMHAWK	QueryPrimary	0	E	0,0,0,0
R	345	1	0	QueryPrimary	0
S	345	1	ARMHAWK	QuerySecondary	0	E	0,0,0,0
R	345	1	0	QuerySecondary	0
S	346	1	ARMHAWK	QueryPrimary	0	E	0,0,0,0
R	346	1	0	QueryPrimary	0
S	346	1	ARMHAWK	QuerySecondary	0	E	0,0,0,0
R	346	1	0	QuerySecondary	0
S	347	1	ARMHAWK	QueryPrimary	0	E	0,0,0,0
R	347	1	0	QueryPrimary	0
S	347	1	ARMHAWK	QuerySecondary	0	E	0,0,0,0
R	347	1	0	QuerySecondary	0
S	347	1	ARMHAWK	MoveRate2	0	E	
D	347	1	0	4
R	347	1	0	MoveRate2	0
S	348	1	ARMHAWK	QueryPrimary	0	E	0,0,0,0
R	348	1	0	QueryPrimary	0
S	348	1	ARMHAWK	QuerySecondary	0	E	0,0,0,0
R	348	1	0	QuerySecondary	0
S	349	1	ARMHAWK	QueryPrimary	0	E	0,0,0,0
R	349	1	0	QueryPrimary	0
S	349	1	ARMHAWK	QuerySecondary	0	E	0,0,0,0
R	349	1	0	QuerySecondary	0
S	350	1	ARMHAWK	QueryPrimary	0	E	0,0,0,0
R	350	1	0	QueryPrimary	0
S	350	1	ARMHAWK	QuerySecondary	0	E	0,0,0,0
R	350	1	0	QuerySecondary	0
S	351	1	ARMHAWK	QueryPrimary	0	E	0,0,0,0
R	351	1	0	QueryPrimary	0
S	351	1	ARMHAWK	QuerySecondary	0	E	0,0,0,0
R	351	1	0	QuerySecondary	0
S	352	1	ARMHAWK	QueryPrimary	0	E	0,0,0,0
R	352	1	0	QueryPrimary	0
S	352	1	ARMHAWK	QuerySecondary	0	E	0,0,0,0
R	352	1	0	QuerySecondary	0
S	353	1	ARMHAWK	QueryPrimary	0	E	0,0,0,0
R	353	1	0	QueryPrimary	0
S	353	1	ARMHAWK	QuerySecondary	0	E	0,0,0,0
R	353	1	0	QuerySecondary	0
S	354	1	ARMHAWK	QueryPrimary	0	E	0,0,0,0
R	354	1	0	QueryPrimary	0
S	354	1	ARMHAWK	QuerySecondary	0	E	0,0,0,0
R	354	1	0	QuerySecondary	0
S	355	1	ARMHAWK	QueryPrimary	0	E	0,0,0,0
R	355	1	0	QueryPrimary	0
S	355	1	ARMHAWK	QuerySecondary	0	E	0,0,0,0
R	355	1	0	QuerySecondary	0
S	356	1	ARMHAWK	QueryPrimary	0	E	0,0,0,0
R	356	1	0	QueryPrimary	0
S	356	1	ARMHAWK	QuerySecondary	0	E	0,0,0,0
R	356	1	0	QuerySecondary	0
S	357	1	ARMHAWK	QueryPrimary	0	E	0,0,0,0
R	357	1	0	QueryPrimary	0
S	357	1	ARMHAWK	QuerySecondary	0	E	0,0,0,0
R	357	1	0	QuerySecondary	0
S	358	1	ARMHAWK	QueryPrimary	0	E	0,0,0,0
R	358	1	0	QueryPrimary	0
S	358	1	ARMHAWK	QuerySecondary	0	E	0,0,0,0
R	358	1	0	QuerySecondary	0
S	359	1	ARMHAWK	QueryPrimary	0	E	0,0,0,0
R	359	1	0	QueryPrimary	0
S	359	1	ARMHAWK	QuerySecondary	0	E	0,0,0,0
R	359	1	0	QuerySecondary	0
S	360	1	ARMHAWK	QueryPrimary	0	E	0,0,0,0
R	360	1	0	QueryPrimary	0
S	360	1	ARMHAWK	QuerySecondary	0	E	0,0,0,0
R	360	1	0	QuerySecondary	0
S	361	1	ARMHAWK	QueryPrimary	0	E	0,0,0,0
R	361	1	0	QueryPrimary	0
S	361	1	ARMHAWK	QuerySecondary	0	E	0,0,0,0
R	361	1	0	QuerySecondary	0
S	362	1	ARMHAWK	QueryPrimary	0	E	0,0,0,0
R	362	1	0	QueryPrimary	0
S	362	1	ARMHAWK	QuerySecondary	0	E	0,0,0,0
R	362	1	0	QuerySecondary	0
S	363	1	ARMHAWK	QueryPrimary	0	E	0,0,0,0
R	363	1	0	QueryPrimary	0
S	363	1	ARMHAWK	QuerySecondary	0	E	0,0,0,0
R	363	1	0	QuerySecondary	0
S	364	1	ARMHAWK	QueryPrimary	0	E	0,0,0,0
R	364	1	0	QueryPrimary	0
S	364	1	ARMHAWK	QuerySecondary	0	E	0,0,0,0
R	364	1	0	QuerySecondary	0
S	365	1	ARMHAWK	QueryPrimary	0	E	0,0,0,0
R	365	1	0	QueryPrimary	0
S	365	1	ARMHAWK	QuerySecondary	0	E	0,0,0,0
R	365	1	0	QuerySecondary	0
S	366	1	ARMHAWK	QueryPrimary	0	E	0,0,0,0
R	366	1	0	QueryPrimary	0
S	366	1	ARMHAWK	QuerySecondary	0	E	0,0,0,0
R	366	1	0	QuerySecondary	0
S	367	1	ARMHAWK	QueryPrimary	0	E	0,0,0,0
R	367	1	0	QueryPrimary	0
S	367	1	ARMHAWK	QuerySecondary	0	E	0,0,0,0
R	367	1	0	QuerySecondary	0
S	368	1	ARMHAWK	QueryPrimary	0	E	0,0,0,0
R	368	1	0	QueryPrimary	0
S	368	1	ARMHAWK	QuerySecondary	0	E	0,0,0,0
R	368	1	0	QuerySecondary	0
S	369	1	ARMHAWK	QueryPrimary	0	E	0,0,0,0
R	369	1	0	QueryPrimary	0
S	369	1	ARMHAWK	QuerySecondary	0	E	0,0,0,0
R	369	1	0	QuerySecondary	0
S	370	1	ARMHAWK	QueryPrimary	0	E	0,0,0,0
R	370	1	0	QueryPrimary	0
S	370	1	ARMHAWK	QuerySecondary	0	E	0,0,0,0
R	370	1	0	QuerySecondary	0
S	371	1	ARMHAWK	QueryPrimary	0	E	0,0,0,0
R	371	1	0	QueryPrimary	0
S	371	1	ARMHAWK	QuerySecondary	0	E	0,0,0,0
R	371	1	0	QuerySecondary	0
S	372	1	ARMHAWK	QueryPrimary	0	E	0,0,0,0
R	372	1	0	QueryPrimary	0
S	372	1	ARMHAWK	QuerySecondary	0	E	0,0,0,0
R	372	1	0	QuerySecondary	0
S	373	1	ARMHAWK	QueryPrimary	0	E	0,0,0,0
R	373	1	0	QueryPrimary	0
S	373	1	ARMHAWK	QuerySecondary	0	E	0,0,0,0
R	373	1	0	QuerySecondary	0
S	374	1	ARMHAWK	QueryPrimary	0	E	0,0,0,0
R	374	1	0	QueryPrimary	0
S	374	1	ARMHAWK	QuerySecondary	0	E	0,0,0,0
R	374	1	0	QuerySecondary	0
S	375	1	ARMHAWK	QueryPrimary	0	E	0,0,0,0
R	375	1	0	QueryPrimary	0
S	375	1	ARMHAWK	QuerySecondary	0	E	0,0,0,0
R	375	1	0	QuerySecondary	0
S	376	1	ARMHAWK	QueryPrimary	0	E	0,0,0,0
R	376	1	0	QueryPrimary	0
S	376	1	ARMHAWK	QuerySecondary	0	E	0,0,0,0
R	376	1	0	QuerySecondary	0
S	377	1	ARMHAWK	QueryPrimary	0	E	0,0,0,0
R	377	1	0	QueryPrimary	0
S	377	1	ARMHAWK	QuerySecondary	0	E	0,0,0,0
R	377	1	0	QuerySecondary	0
S	378	1	ARMHAWK	QueryPrimary	0	E	0,0,0,0
R	378	1	0	QueryPrimary	0
S	378	1	ARMHAWK	QuerySecondary	0	E	0,0,0,0
R	378	1	0	QuerySecondary	0
S	379	1	ARMHAWK	QueryPrimary	0	E	0,0,0,0
R	379	1	0	QueryPrimary	0
S	379	1	ARMHAWK	QuerySecondary	0	E	0,0,0,0
R	379	1	0	QuerySecondary	0
S	380	1	ARMHAWK	QueryPrimary	0	E	0,0,0,0
R	380	1	0	QueryPrimary	0
S	380	1	ARMHAWK	QuerySecondary	0	E	0,0,0,0
R	380	1	0	QuerySecondary	0
S	381	1	ARMHAWK	QueryPrimary	0	E	0,0,0,0
R	381	1	0	QueryPrimary	0
S	381	1	ARMHAWK	QuerySecondary	0	E	0,0,0,0
R	381	1	0	QuerySecondary	0
S	382	1	ARMHAWK	QueryPrimary	0	E	0,0,0,0
R	382	1	0	QueryPrimary	0
S	382	1	ARMHAWK	QuerySecondary	0	E	0,0,0,0
R	382	1	0	QuerySecondary	0
S	383	1	ARMHAWK	QueryPrimary	0	E	0,0,0,0
R	383	1	0	QueryPrimary	0
S	383	1	ARMHAWK	QuerySecondary	0	E	0,0,0,0
R	383	1	0	QuerySecondary	0
S	384	1	ARMHAWK	QueryPrimary	0	E	0,0,0,0
R	384	1	0	QueryPrimary	0
S	384	1	ARMHAWK	QuerySecondary	0	E	0,0,0,0
R	384	1	0	QuerySecondary	0
S	385	1	ARMHAWK	QueryPrimary	0	E	0,0,0,0
R	385	1	0	QueryPrimary	0
S	385	1	ARMHAWK	QuerySecondary	0	E	0,0,0,0
R	385	1	0	QuerySecondary	0
S	386	1	ARMHAWK	QueryPrimary	0	E	0,0,0,0
R	386	1	0	QueryPrimary	0
S	386	1	ARMHAWK	QuerySecondary	0	E	0,0,0,0
R	386	1	0	QuerySecondary	0
S	387	1	ARMHAWK	QueryPrimary	0	E	0,0,0,0
R	387	1	0	QueryPrimary	0
S	387	1	ARMHAWK	QuerySecondary	0	E	0,0,0,0
R	387	1	0	QuerySecondary	0
S	388	1	ARMHAWK	QueryPrimary	0	E	0,0,0,0
R	388	1	0	QueryPrimary	0
S	388	1	ARMHAWK	QuerySecondary	0	E	0,0,0,0
R	388	1	0	QuerySecondary	0
S	389	1	ARMHAWK	QueryPrimary	0	E	0,0,0,0
R	389	1	0	QueryPrimary	0
S	389	1	ARMHAWK	QuerySecondary	0	E	0,0,0,0
R	389	1	0	QuerySecondary	0
S	390	1	ARMHAWK	QueryPrimary	0	E	0,0,0,0
R	390	1	0	QueryPrimary	0
S	390	1	ARMHAWK	QuerySecondary	0	E	0,0,0,0
R	390	1	0	QuerySecondary	0
S	391	1	ARMHAWK	QueryPrimary	0	E	0,0,0,0
R	391	1	0	QueryPrimary	0
S	391	1	ARMHAWK	QuerySecondary	0	E	0,0,0,0
R	391	1	0	QuerySecondary	0
S	392	1	ARMHAWK	QueryPrimary	0	E	0,0,0,0
R	392	1	0	QueryPrimary	0
S	392	1	ARMHAWK	QuerySecondary	0	E	0,0,0,0
R	392	1	0	QuerySecondary	0
S	393	1	ARMHAWK	QueryPrimary	0	E	0,0,0,0
R	393	1	0	QueryPrimary	0
S	393	1	ARMHAWK	QuerySecondary	0	E	0,0,0,0
R	393	1	0	QuerySecondary	0
S	394	1	ARMHAWK	QueryPrimary	0	E	0,0,0,0
R	394	1	0	QueryPrimary	0
S	394	1	ARMHAWK	QuerySecondary	0	E	0,0,0,0
R	394	1	0	QuerySecondary	0
S	395	1	ARMHAWK	QueryPrimary	0	E	0,0,0,0
R	395	1	0	QueryPrimary	0
S	395	1	ARMHAWK	QuerySecondary	0	E	0,0,0,0
R	395	1	0	QuerySecondary	0
S	396	1	ARMHAWK	QueryPrimary	0	E	0,0,0,0
R	396	1	0	QueryPrimary	0
S	396	1	ARMHAWK	QuerySecondary	0	E	0,0,0,0
R	396	1	0	QuerySecondary	0
S	397	1	ARMHAWK	QueryPrimary	0	E	0,0,0,0
R	397	1	0	QueryPrimary	0
S	397	1	ARMHAWK	QuerySecondary	0	E	0,0,0,0
R	397	1	0	QuerySecondary	0
S	398	1	ARMHAWK	QueryPrimary	0	E	0,0,0,0
R	398	1	0	QueryPrimary	0
S	398	1	ARMHAWK	QuerySecondary	0	E	0,0,0,0
R	398	1	0	QuerySecondary	0
S	399	1	ARMHAWK	QueryPrimary	0	E	0,0,0,0
R	399	1	0	QueryPrimary	0
S	399	1	ARMHAWK	QuerySecondary	0	E	0,0,0,0
R	399	1	0	QuerySecondary	0
S	400	1	ARMHAWK	QueryPrimary	0	E	0,0,0,0
R	400	1	0	QueryPrimary	0
S	400	1	ARMHAWK	QuerySecondary	0	E	0,0,0,0
R	400	1	0	QuerySecondary	0
S	401	1	ARMHAWK	QueryPrimary	0	E	0,0,0,0
R	401	1	0	QueryPrimary	0
S	401	1	ARMHAWK	QuerySecondary	0	E	0,0,0,0
R	401	1	0	QuerySecondary	0
S	402	1	ARMHAWK	QueryPrimary	0	E	0,0,0,0
R	402	1	0	QueryPrimary	0
S	402	1	ARMHAWK	QuerySecondary	0	E	0,0,0,0
R	402	1	0	QuerySecondary	0
S	403	1	ARMHAWK	QueryPrimary	0	E	0,0,0,0
R	403	1	0	QueryPrimary	0
S	403	1	ARMHAWK	QuerySecondary	0	E	0,0,0,0
R	403	1	0	QuerySecondary	0
S	404	1	ARMHAWK	QueryPrimary	0	E	0,0,0,0
R	404	1	0	QueryPrimary	0
S	404	1	ARMHAWK	QuerySecondary	0	E	0,0,0,0
R	404	1	0	QuerySecondary	0
S	405	1	ARMHAWK	QueryPrimary	0	E	0,0,0,0
R	405	1	0	QueryPrimary	0
S	405	1	ARMHAWK	QuerySecondary	0	E	0,0,0,0
R	405	1	0	QuerySecondary	0
S	406	1	ARMHAWK	QueryPrimary	0	E	0,0,0,0
R	406	1	0	QueryPrimary	0
S	406	1	ARMHAWK	QuerySecondary	0	E	0,0,0,0
R	406	1	0	QuerySecondary	0
S	407	1	ARMHAWK	QueryPrimary	0	E	0,0,0,0
R	407	1	0	QueryPrimary	0
S	407	1	ARMHAWK	QuerySecondary	0	E	0,0,0,0
R	407	1	0	QuerySecondary	0
S	408	1	ARMHAWK	QueryPrimary	0	E	0,0,0,0
R	408	1	0	QueryPrimary	0
S	408	1	ARMHAWK	QuerySecondary	0	E	0,0,0,0
R	408	1	0	QuerySecondary	0
S	409	1	ARMHAWK	QueryPrimary	0	E	0,0,0,0
R	409	1	0	QueryPrimary	0
S	409	1	ARMHAWK	QuerySecondary	0	E	0,0,0,0
R	409	1	0	QuerySecondary	0
S	410	1	ARMHAWK	QueryPrimary	0	E	0,0,0,0
R	410	1	0	QueryPrimary	0
S	410	1	ARMHAWK	QuerySecondary	0	E	0,0,0,0
R	410	1	0	QuerySecondary	0
S	474	1	ARMHAWK	MoveRate2	0	E	
D	474	1	0	2
R	474	1	0	MoveRate2	0
S	490	1	ARMHAWK	QueryPrimary	0	E	0,0,0,0
R	490	1	0	QueryPrimary	0
S	490	1	ARMHAWK	QueryPrimary	0	E	0,0,0,0
R	490	1	0	QueryPrimary	0
S	490	1	ARMHAWK	QuerySecondary	0	E	0,0,0,0
R	490	1	0	QuerySecondary	0
S	490	1	ARMHAWK	QuerySecondary	0	E	0,0,0,0
R	490	1	0	QuerySecondary	0
S	554	1	ARMHAWK	MoveRate2	0	E	
D	554	1	0	9
R	554	1	0	MoveRate2	0
S	656	1	ARMHAWK	MoveRate2	0	E	
D	656	1	0	1
R	709	1	0	MoveRate2	0
S	765	1	ARMHAWK	MoveRate2	0	E	
D	765	1	0	6
R	765	1	0	MoveRate2	0
