# tagpu_cobtrace v1	filter=,ARMSTUMP,	columns: S tick unit type script slot source args… | R tick unit slot script value | X tick unit script source | K tick unit slot script by | D tick unit slot value
S	91	1	ARMSTUMP	Create	0	E	
S	91	1	ARMSTUMP	SmokeUnit	1	C:0	
R	91	1	0	Create	0
S	91	1	ARMSTUMP	QueryPrimary	0	E	0,0,0,0
R	91	1	0	QueryPrimary	0
S	91	1	ARMSTUMP	AimFromPrimary	0	E	-1,0,0,0
R	91	1	0	AimFromPrimary	0
S	91	1	ARMSTUMP	SetMaxReloadTime	0	E	1500
R	92	1	0	SetMaxReloadTime	0
S	118	1	ARMSTUMP	AimFromPrimary	0	E	-1,0,0,0
R	118	1	0	AimFromPrimary	0
S	118	1	ARMSTUMP	AimPrimary	0	E	33,1066
S	118	1	ARMSTUMP	SweetSpot	2	E	0,0,0,0
R	118	1	2	SweetSpot	0
S	119	1	ARMSTUMP	SweetSpot	2	E	0,0,0,0
R	119	1	2	SweetSpot	0
S	120	1	ARMSTUMP	SweetSpot	2	E	0,0,0,0
R	120	1	2	SweetSpot	0
S	121	1	ARMSTUMP	SweetSpot	2	E	0,0,0,0
R	121	1	2	SweetSpot	0
S	122	1	ARMSTUMP	RestoreAfterDelay	2	C:0	
R	122	1	0	AimPrimary	1
S	122	1	ARMSTUMP	SweetSpot	0	E	0,0,0,0
R	122	1	0	SweetSpot	0
S	123	1	ARMSTUMP	AimFromPrimary	0	E	-1,0,0,0
R	123	1	0	AimFromPrimary	0
S	123	1	ARMSTUMP	QueryPrimary	0	E	0,0,0,0
R	123	1	0	QueryPrimary	0
S	123	1	ARMSTUMP	QueryPrimary	0	E	0,0,0,0
R	123	1	0	QueryPrimary	0
S	123	1	ARMSTUMP	FirePrimary	0	E	
S	123	1	ARMSTUMP	RockUnit	3	E	-799,29
S	123	1	ARMSTUMP	SweetSpot	4	E	0,0,0,0
R	123	1	4	SweetSpot	0
S	124	1	ARMSTUMP	AimFromPrimary	4	E	-1,0,0,0
R	124	1	4	AimFromPrimary	0
S	124	1	ARMSTUMP	AimPrimary	4	E	31,1095
K	124	1	2	RestoreAfterDelay	4
S	124	1	ARMSTUMP	SweetSpot	2	E	0,0,0,0
R	124	1	2	SweetSpot	0
S	125	1	ARMSTUMP	SweetSpot	2	E	0,0,0,0
R	125	1	2	SweetSpot	0
R	126	1	3	RockUnit	0
S	126	1	ARMSTUMP	RestoreAfterDelay	2	C:4	
R	126	1	4	AimPrimary	1
S	126	1	ARMSTUMP	SweetSpot	3	E	0,0,0,0
R	126	1	3	SweetSpot	0
S	127	1	ARMSTUMP	SweetSpot	3	E	0,0,0,0
R	127	1	3	SweetSpot	0
R	128	1	0	FirePrimary	0
S	128	1	ARMSTUMP	SweetSpot	0	E	0,0,0,0
R	128	1	0	SweetSpot	0
S	129	1	ARMSTUMP	SweetSpot	0	E	0,0,0,0
R	129	1	0	SweetSpot	0
S	130	1	ARMSTUMP	SweetSpot	0	E	0,0,0,0
R	130	1	0	SweetSpot	0
S	131	1	ARMSTUMP	SweetSpot	0	E	0,0,0,0
R	131	1	0	SweetSpot	0
S	132	1	ARMSTUMP	SweetSpot	0	E	0,0,0,0
R	132	1	0	SweetSpot	0
S	133	1	ARMSTUMP	SweetSpot	0	E	0,0,0,0
R	133	1	0	SweetSpot	0
S	134	1	ARMSTUMP	SweetSpot	0	E	0,0,0,0
R	134	1	0	SweetSpot	0
S	135	1	ARMSTUMP	SweetSpot	0	E	0,0,0,0
R	135	1	0	SweetSpot	0
S	136	1	ARMSTUMP	SweetSpot	0	E	0,0,0,0
R	136	1	0	SweetSpot	0
S	136	1	ARMSTUMP	HitByWeapon	0	E	-398,-39
S	137	1	ARMSTUMP	SweetSpot	3	E	0,0,0,0
R	137	1	3	SweetSpot	0
S	138	1	ARMSTUMP	SweetSpot	3	E	0,0,0,0
R	138	1	3	SweetSpot	0
R	139	1	0	HitByWeapon	0
S	139	1	ARMSTUMP	SweetSpot	0	E	0,0,0,0
R	139	1	0	SweetSpot	0
S	140	1	ARMSTUMP	SweetSpot	0	E	0,0,0,0
R	140	1	0	SweetSpot	0
S	141	1	ARMSTUMP	SweetSpot	0	E	0,0,0,0
R	141	1	0	SweetSpot	0
S	142	1	ARMSTUMP	SweetSpot	0	E	0,0,0,0
R	142	1	0	SweetSpot	0
S	143	1	ARMSTUMP	SweetSpot	0	E	0,0,0,0
R	143	1	0	SweetSpot	0
S	144	1	ARMSTUMP	SweetSpot	0	E	0,0,0,0
R	144	1	0	SweetSpot	0
S	145	1	ARMSTUMP	SweetSpot	0	E	0,0,0,0
R	145	1	0	SweetSpot	0
S	146	1	ARMSTUMP	SweetSpot	0	E	0,0,0,0
R	146	1	0	SweetSpot	0
S	147	1	ARMSTUMP	SweetSpot	0	E	0,0,0,0
R	147	1	0	SweetSpot	0
S	148	1	ARMSTUMP	SweetSpot	0	E	0,0,0,0
R	148	1	0	SweetSpot	0
S	149	1	ARMSTUMP	SweetSpot	0	E	0,0,0,0
R	149	1	0	SweetSpot	0
S	150	1	ARMSTUMP	SweetSpot	0	E	0,0,0,0
R	150	1	0	SweetSpot	0
S	151	1	ARMSTUMP	SweetSpot	0	E	0,0,0,0
R	151	1	0	SweetSpot	0
S	152	1	ARMSTUMP	SweetSpot	0	E	0,0,0,0
R	152	1	0	SweetSpot	0
S	153	1	ARMSTUMP	SweetSpot	0	E	0,0,0,0
R	153	1	0	SweetSpot	0
S	154	1	ARMSTUMP	SweetSpot	0	E	0,0,0,0
R	154	1	0	SweetSpot	0
S	155	1	ARMSTUMP	SweetSpot	0	E	0,0,0,0
R	155	1	0	SweetSpot	0
S	156	1	ARMSTUMP	SweetSpot	0	E	0,0,0,0
R	156	1	0	SweetSpot	0
S	157	1	ARMSTUMP	SweetSpot	0	E	0,0,0,0
R	157	1	0	SweetSpot	0
S	158	1	ARMSTUMP	SweetSpot	0	E	0,0,0,0
R	158	1	0	SweetSpot	0
S	159	1	ARMSTUMP	SweetSpot	0	E	0,0,0,0
R	159	1	0	SweetSpot	0
S	160	1	ARMSTUMP	SweetSpot	0	E	0,0,0,0
R	160	1	0	SweetSpot	0
S	161	1	ARMSTUMP	SweetSpot	0	E	0,0,0,0
R	161	1	0	SweetSpot	0
S	161	1	ARMSTUMP	HitByWeapon	0	E	-400,10
S	162	1	ARMSTUMP	SweetSpot	3	E	0,0,0,0
R	162	1	3	SweetSpot	0
S	163	1	ARMSTUMP	SweetSpot	3	E	0,0,0,0
R	163	1	3	SweetSpot	0
R	164	1	0	HitByWeapon	0
S	164	1	ARMSTUMP	SweetSpot	0	E	0,0,0,0
R	164	1	0	SweetSpot	0
S	165	1	ARMSTUMP	SweetSpot	0	E	0,0,0,0
R	165	1	0	SweetSpot	0
S	166	1	ARMSTUMP	SweetSpot	0	E	0,0,0,0
R	166	1	0	SweetSpot	0
S	167	1	ARMSTUMP	SweetSpot	0	E	0,0,0,0
R	167	1	0	SweetSpot	0
S	168	1	ARMSTUMP	SweetSpot	0	E	0,0,0,0
R	168	1	0	SweetSpot	0
S	169	1	ARMSTUMP	SweetSpot	0	E	0,0,0,0
R	169	1	0	SweetSpot	0
S	170	1	ARMSTUMP	SweetSpot	0	E	0,0,0,0
R	170	1	0	SweetSpot	0
S	171	1	ARMSTUMP	SweetSpot	0	E	0,0,0,0
R	171	1	0	SweetSpot	0
S	172	1	ARMSTUMP	AimFromPrimary	0	E	-1,0,0,0
R	172	1	0	AimFromPrimary	0
S	172	1	ARMSTUMP	QueryPrimary	0	E	0,0,0,0
R	172	1	0	QueryPrimary	0
S	172	1	ARMSTUMP	QueryPrimary	0	E	0,0,0,0
R	172	1	0	QueryPrimary	0
S	172	1	ARMSTUMP	FirePrimary	0	E	
S	172	1	ARMSTUMP	RockUnit	3	E	-800,0
S	172	1	ARMSTUMP	SweetSpot	4	E	0,0,0,0
R	172	1	4	SweetSpot	0
S	173	1	ARMSTUMP	AimFromPrimary	4	E	-1,0,0,0
R	173	1	4	AimFromPrimary	0
S	173	1	ARMSTUMP	AimPrimary	4	E	33,1095
K	173	1	2	RestoreAfterDelay	4
S	173	1	ARMSTUMP	SweetSpot	2	E	0,0,0,0
R	173	1	2	SweetSpot	0
S	174	1	ARMSTUMP	SweetSpot	2	E	0,0,0,0
R	174	1	2	SweetSpot	0
R	175	1	3	RockUnit	0
S	175	1	ARMSTUMP	RestoreAfterDelay	2	C:4	
R	175	1	4	AimPrimary	1
S	175	1	ARMSTUMP	SweetSpot	3	E	0,0,0,0
R	175	1	3	SweetSpot	0
S	176	1	ARMSTUMP	SweetSpot	3	E	0,0,0,0
R	176	1	3	SweetSpot	0
R	177	1	0	FirePrimary	0
S	177	1	ARMSTUMP	SweetSpot	0	E	0,0,0,0
R	177	1	0	SweetSpot	0
S	178	1	ARMSTUMP	SweetSpot	0	E	0,0,0,0
R	178	1	0	SweetSpot	0
S	179	1	ARMSTUMP	SweetSpot	0	E	0,0,0,0
R	179	1	0	SweetSpot	0
S	180	1	ARMSTUMP	SweetSpot	0	E	0,0,0,0
R	180	1	0	SweetSpot	0
S	181	1	ARMSTUMP	SweetSpot	0	E	0,0,0,0
R	181	1	0	SweetSpot	0
S	182	1	ARMSTUMP	SweetSpot	0	E	0,0,0,0
R	182	1	0	SweetSpot	0
S	183	1	ARMSTUMP	SweetSpot	0	E	0,0,0,0
R	183	1	0	SweetSpot	0
S	184	1	ARMSTUMP	SweetSpot	0	E	0,0,0,0
R	184	1	0	SweetSpot	0
S	185	1	ARMSTUMP	SweetSpot	0	E	0,0,0,0
R	185	1	0	SweetSpot	0
S	186	1	ARMSTUMP	SweetSpot	0	E	0,0,0,0
R	186	1	0	SweetSpot	0
S	187	1	ARMSTUMP	SweetSpot	0	E	0,0,0,0
R	187	1	0	SweetSpot	0
S	187	1	ARMSTUMP	HitByWeapon	0	E	-398,-39
S	188	1	ARMSTUMP	SweetSpot	3	E	0,0,0,0
R	188	1	3	SweetSpot	0
S	189	1	ARMSTUMP	SweetSpot	3	E	0,0,0,0
R	189	1	3	SweetSpot	0
R	190	1	0	HitByWeapon	0
S	190	1	ARMSTUMP	SweetSpot	0	E	0,0,0,0
R	190	1	0	SweetSpot	0
S	191	1	ARMSTUMP	SweetSpot	0	E	0,0,0,0
R	191	1	0	SweetSpot	0
S	192	1	ARMSTUMP	SweetSpot	0	E	0,0,0,0
R	192	1	0	SweetSpot	0
S	193	1	ARMSTUMP	SweetSpot	0	E	0,0,0,0
R	193	1	0	SweetSpot	0
S	194	1	ARMSTUMP	SweetSpot	0	E	0,0,0,0
R	194	1	0	SweetSpot	0
S	195	1	ARMSTUMP	SweetSpot	0	E	0,0,0,0
R	195	1	0	SweetSpot	0
S	196	1	ARMSTUMP	SweetSpot	0	E	0,0,0,0
R	196	1	0	SweetSpot	0
S	197	1	ARMSTUMP	SweetSpot	0	E	0,0,0,0
R	197	1	0	SweetSpot	0
S	198	1	ARMSTUMP	SweetSpot	0	E	0,0,0,0
R	198	1	0	SweetSpot	0
S	199	1	ARMSTUMP	SweetSpot	0	E	0,0,0,0
R	199	1	0	SweetSpot	0
S	200	1	ARMSTUMP	SweetSpot	0	E	0,0,0,0
R	200	1	0	SweetSpot	0
S	201	1	ARMSTUMP	SweetSpot	0	E	0,0,0,0
R	201	1	0	SweetSpot	0
S	202	1	ARMSTUMP	SweetSpot	0	E	0,0,0,0
R	202	1	0	SweetSpot	0
S	203	1	ARMSTUMP	SweetSpot	0	E	0,0,0,0
R	203	1	0	SweetSpot	0
S	204	1	ARMSTUMP	SweetSpot	0	E	0,0,0,0
R	204	1	0	SweetSpot	0
S	205	1	ARMSTUMP	SweetSpot	0	E	0,0,0,0
R	205	1	0	SweetSpot	0
S	206	1	ARMSTUMP	SweetSpot	0	E	0,0,0,0
R	206	1	0	SweetSpot	0
S	207	1	ARMSTUMP	SweetSpot	0	E	0,0,0,0
R	207	1	0	SweetSpot	0
S	208	1	ARMSTUMP	SweetSpot	0	E	0,0,0,0
R	208	1	0	SweetSpot	0
S	209	1	ARMSTUMP	SweetSpot	0	E	0,0,0,0
R	209	1	0	SweetSpot	0
S	210	1	ARMSTUMP	SweetSpot	0	E	0,0,0,0
R	210	1	0	SweetSpot	0
S	211	1	ARMSTUMP	SweetSpot	0	E	0,0,0,0
R	211	1	0	SweetSpot	0
S	212	1	ARMSTUMP	SweetSpot	0	E	0,0,0,0
R	212	1	0	SweetSpot	0
S	213	1	ARMSTUMP	SweetSpot	0	E	0,0,0,0
R	213	1	0	SweetSpot	0
S	213	1	ARMSTUMP	HitByWeapon	0	E	-400,10
S	214	1	ARMSTUMP	SweetSpot	3	E	0,0,0,0
R	214	1	3	SweetSpot	0
S	215	1	ARMSTUMP	SweetSpot	3	E	0,0,0,0
R	215	1	3	SweetSpot	0
R	216	1	0	HitByWeapon	0
S	216	1	ARMSTUMP	SweetSpot	0	E	0,0,0,0
R	216	1	0	SweetSpot	0
S	217	1	ARMSTUMP	SweetSpot	0	E	0,0,0,0
R	217	1	0	SweetSpot	0
S	218	1	ARMSTUMP	SweetSpot	0	E	0,0,0,0
R	218	1	0	SweetSpot	0
S	219	1	ARMSTUMP	SweetSpot	0	E	0,0,0,0
R	219	1	0	SweetSpot	0
S	220	1	ARMSTUMP	SweetSpot	0	E	0,0,0,0
R	220	1	0	SweetSpot	0
S	221	1	ARMSTUMP	SweetSpot	0	E	0,0,0,0
R	221	1	0	SweetSpot	0
S	222	1	ARMSTUMP	AimFromPrimary	0	E	-1,0,0,0
R	222	1	0	AimFromPrimary	0
S	222	1	ARMSTUMP	QueryPrimary	0	E	0,0,0,0
R	222	1	0	QueryPrimary	0
S	222	1	ARMSTUMP	QueryPrimary	0	E	0,0,0,0
R	222	1	0	QueryPrimary	0
S	222	1	ARMSTUMP	FirePrimary	0	E	
S	222	1	ARMSTUMP	RockUnit	3	E	-799,-29
S	222	1	ARMSTUMP	SweetSpot	4	E	0,0,0,0
R	222	1	4	SweetSpot	0
S	223	1	ARMSTUMP	AimFromPrimary	4	E	-1,0,0,0
R	223	1	4	AimFromPrimary	0
S	223	1	ARMSTUMP	AimPrimary	4	E	35,1095
K	223	1	2	RestoreAfterDelay	4
S	223	1	ARMSTUMP	SweetSpot	2	E	0,0,0,0
R	223	1	2	SweetSpot	0
S	224	1	ARMSTUMP	SweetSpot	2	E	0,0,0,0
R	224	1	2	SweetSpot	0
R	225	1	3	RockUnit	0
S	225	1	ARMSTUMP	RestoreAfterDelay	2	C:4	
R	225	1	4	AimPrimary	1
S	225	1	ARMSTUMP	SweetSpot	3	E	0,0,0,0
R	225	1	3	SweetSpot	0
S	226	1	ARMSTUMP	SweetSpot	3	E	0,0,0,0
R	226	1	3	SweetSpot	0
R	227	1	0	FirePrimary	0
S	227	1	ARMSTUMP	SweetSpot	0	E	0,0,0,0
R	227	1	0	SweetSpot	0
S	228	1	ARMSTUMP	SweetSpot	0	E	0,0,0,0
R	228	1	0	SweetSpot	0
S	229	1	ARMSTUMP	SweetSpot	0	E	0,0,0,0
R	229	1	0	SweetSpot	0
S	230	1	ARMSTUMP	SweetSpot	0	E	0,0,0,0
R	230	1	0	SweetSpot	0
S	231	1	ARMSTUMP	SweetSpot	0	E	0,0,0,0
R	231	1	0	SweetSpot	0
S	232	1	ARMSTUMP	SweetSpot	0	E	0,0,0,0
R	232	1	0	SweetSpot	0
S	233	1	ARMSTUMP	SweetSpot	0	E	0,0,0,0
R	233	1	0	SweetSpot	0
S	234	1	ARMSTUMP	SweetSpot	0	E	0,0,0,0
R	234	1	0	SweetSpot	0
S	235	1	ARMSTUMP	SweetSpot	0	E	0,0,0,0
R	235	1	0	SweetSpot	0
S	236	1	ARMSTUMP	SweetSpot	0	E	0,0,0,0
R	236	1	0	SweetSpot	0
S	237	1	ARMSTUMP	SweetSpot	0	E	0,0,0,0
R	237	1	0	SweetSpot	0
S	238	1	ARMSTUMP	SweetSpot	0	E	0,0,0,0
R	238	1	0	SweetSpot	0
S	239	1	ARMSTUMP	SweetSpot	0	E	0,0,0,0
R	239	1	0	SweetSpot	0
S	240	1	ARMSTUMP	SweetSpot	0	E	0,0,0,0
R	240	1	0	SweetSpot	0
S	240	1	ARMSTUMP	HitByWeapon	0	E	-398,-39
D	241	1	1	58
S	241	1	ARMSTUMP	SweetSpot	3	E	0,0,0,0
R	241	1	3	SweetSpot	0
S	242	1	ARMSTUMP	SweetSpot	3	E	0,0,0,0
R	242	1	3	SweetSpot	0
R	243	1	0	HitByWeapon	0
S	243	1	ARMSTUMP	SweetSpot	0	E	0,0,0,0
R	243	1	0	SweetSpot	0
S	244	1	ARMSTUMP	SweetSpot	0	E	0,0,0,0
R	244	1	0	SweetSpot	0
S	245	1	ARMSTUMP	SweetSpot	0	E	0,0,0,0
R	245	1	0	SweetSpot	0
S	246	1	ARMSTUMP	SweetSpot	0	E	0,0,0,0
R	246	1	0	SweetSpot	0
S	247	1	ARMSTUMP	SweetSpot	0	E	0,0,0,0
R	247	1	0	SweetSpot	0
S	248	1	ARMSTUMP	SweetSpot	0	E	0,0,0,0
R	248	1	0	SweetSpot	0
S	249	1	ARMSTUMP	SweetSpot	0	E	0,0,0,0
R	249	1	0	SweetSpot	0
S	250	1	ARMSTUMP	SweetSpot	0	E	0,0,0,0
R	250	1	0	SweetSpot	0
S	251	1	ARMSTUMP	SweetSpot	0	E	0,0,0,0
R	251	1	0	SweetSpot	0
S	252	1	ARMSTUMP	SweetSpot	0	E	0,0,0,0
R	252	1	0	SweetSpot	0
S	253	1	ARMSTUMP	SweetSpot	0	E	0,0,0,0
R	253	1	0	SweetSpot	0
S	254	1	ARMSTUMP	SweetSpot	0	E	0,0,0,0
R	254	1	0	SweetSpot	0
S	255	1	ARMSTUMP	SweetSpot	0	E	0,0,0,0
R	255	1	0	SweetSpot	0
S	256	1	ARMSTUMP	SweetSpot	0	E	0,0,0,0
R	256	1	0	SweetSpot	0
S	257	1	ARMSTUMP	SweetSpot	0	E	0,0,0,0
R	257	1	0	SweetSpot	0
S	258	1	ARMSTUMP	SweetSpot	0	E	0,0,0,0
R	258	1	0	SweetSpot	0
S	259	1	ARMSTUMP	SweetSpot	0	E	0,0,0,0
R	259	1	0	SweetSpot	0
S	260	1	ARMSTUMP	SweetSpot	0	E	0,0,0,0
R	260	1	0	SweetSpot	0
S	261	1	ARMSTUMP	SweetSpot	0	E	0,0,0,0
R	261	1	0	SweetSpot	0
S	262	1	ARMSTUMP	SweetSpot	0	E	0,0,0,0
R	262	1	0	SweetSpot	0
S	263	1	ARMSTUMP	SweetSpot	0	E	0,0,0,0
R	263	1	0	SweetSpot	0
S	264	1	ARMSTUMP	SweetSpot	0	E	0,0,0,0
R	264	1	0	SweetSpot	0
S	265	1	ARMSTUMP	SweetSpot	0	E	0,0,0,0
R	265	1	0	SweetSpot	0
S	266	1	ARMSTUMP	SweetSpot	0	E	0,0,0,0
R	266	1	0	SweetSpot	0
S	267	1	ARMSTUMP	SweetSpot	0	E	0,0,0,0
R	267	1	0	SweetSpot	0
S	267	1	ARMSTUMP	HitByWeapon	0	E	-400,10
S	268	1	ARMSTUMP	SweetSpot	3	E	0,0,0,0
R	268	1	3	SweetSpot	0
S	269	1	ARMSTUMP	SweetSpot	3	E	0,0,0,0
R	269	1	3	SweetSpot	0
R	270	1	0	HitByWeapon	0
S	270	1	ARMSTUMP	SweetSpot	0	E	0,0,0,0
R	270	1	0	SweetSpot	0
S	271	1	ARMSTUMP	SweetSpot	0	E	0,0,0,0
R	271	1	0	SweetSpot	0
S	272	1	ARMSTUMP	AimFromPrimary	0	E	-1,0,0,0
R	272	1	0	AimFromPrimary	0
S	272	1	ARMSTUMP	QueryPrimary	0	E	0,0,0,0
R	272	1	0	QueryPrimary	0
S	272	1	ARMSTUMP	QueryPrimary	0	E	0,0,0,0
R	272	1	0	QueryPrimary	0
S	272	1	ARMSTUMP	FirePrimary	0	E	
S	272	1	ARMSTUMP	RockUnit	3	E	-800,0
S	272	1	ARMSTUMP	SweetSpot	4	E	0,0,0,0
R	272	1	4	SweetSpot	0
S	273	1	ARMSTUMP	AimFromPrimary	4	E	-1,0,0,0
R	273	1	4	AimFromPrimary	0
S	273	1	ARMSTUMP	AimPrimary	4	E	33,1099
K	273	1	2	RestoreAfterDelay	4
S	273	1	ARMSTUMP	SweetSpot	2	E	0,0,0,0
R	273	1	2	SweetSpot	0
S	274	1	ARMSTUMP	SweetSpot	2	E	0,0,0,0
R	274	1	2	SweetSpot	0
R	275	1	3	RockUnit	0
S	275	1	ARMSTUMP	RestoreAfterDelay	2	C:4	
R	275	1	4	AimPrimary	1
S	275	1	ARMSTUMP	SweetSpot	3	E	0,0,0,0
R	275	1	3	SweetSpot	0
S	276	1	ARMSTUMP	SweetSpot	3	E	0,0,0,0
R	276	1	3	SweetSpot	0
R	277	1	0	FirePrimary	0
S	277	1	ARMSTUMP	SweetSpot	0	E	0,0,0,0
R	277	1	0	SweetSpot	0
S	278	1	ARMSTUMP	SweetSpot	0	E	0,0,0,0
R	278	1	0	SweetSpot	0
S	279	1	ARMSTUMP	SweetSpot	0	E	0,0,0,0
R	279	1	0	SweetSpot	0
S	280	1	ARMSTUMP	SweetSpot	0	E	0,0,0,0
R	280	1	0	SweetSpot	0
S	281	1	ARMSTUMP	SweetSpot	0	E	0,0,0,0
R	281	1	0	SweetSpot	0
S	282	1	ARMSTUMP	SweetSpot	0	E	0,0,0,0
R	282	1	0	SweetSpot	0
S	283	1	ARMSTUMP	SweetSpot	0	E	0,0,0,0
R	283	1	0	SweetSpot	0
S	284	1	ARMSTUMP	SweetSpot	0	E	0,0,0,0
R	284	1	0	SweetSpot	0
S	285	1	ARMSTUMP	SweetSpot	0	E	0,0,0,0
R	285	1	0	SweetSpot	0
S	286	1	ARMSTUMP	SweetSpot	0	E	0,0,0,0
R	286	1	0	SweetSpot	0
S	287	1	ARMSTUMP	SweetSpot	0	E	0,0,0,0
R	287	1	0	SweetSpot	0
S	288	1	ARMSTUMP	SweetSpot	0	E	0,0,0,0
R	288	1	0	SweetSpot	0
S	289	1	ARMSTUMP	SweetSpot	0	E	0,0,0,0
R	289	1	0	SweetSpot	0
S	290	1	ARMSTUMP	SweetSpot	0	E	0,0,0,0
R	290	1	0	SweetSpot	0
S	291	1	ARMSTUMP	SweetSpot	0	E	0,0,0,0
R	291	1	0	SweetSpot	0
D	292	1	1	64
S	292	1	ARMSTUMP	SweetSpot	0	E	0,0,0,0
R	292	1	0	SweetSpot	0
S	293	1	ARMSTUMP	SweetSpot	0	E	0,0,0,0
R	293	1	0	SweetSpot	0
S	294	1	ARMSTUMP	SweetSpot	0	E	0,0,0,0
R	294	1	0	SweetSpot	0
S	295	1	ARMSTUMP	SweetSpot	0	E	0,0,0,0
R	295	1	0	SweetSpot	0
S	295	1	ARMSTUMP	HitByWeapon	0	E	-398,-39
S	296	1	ARMSTUMP	SweetSpot	3	E	0,0,0,0
R	296	1	3	SweetSpot	0
S	297	1	ARMSTUMP	SweetSpot	3	E	0,0,0,0
R	297	1	3	SweetSpot	0
R	298	1	0	HitByWeapon	0
S	298	1	ARMSTUMP	SweetSpot	0	E	0,0,0,0
R	298	1	0	SweetSpot	0
S	299	1	ARMSTUMP	SweetSpot	0	E	0,0,0,0
R	299	1	0	SweetSpot	0
S	300	1	ARMSTUMP	SweetSpot	0	E	0,0,0,0
R	300	1	0	SweetSpot	0
S	302	1	ARMSTUMP	SweetSpot	0	E	0,0,0,0
R	302	1	0	SweetSpot	0
S	303	1	ARMSTUMP	SweetSpot	0	E	0,0,0,0
R	303	1	0	SweetSpot	0
S	304	1	ARMSTUMP	SweetSpot	0	E	0,0,0,0
R	304	1	0	SweetSpot	0
S	305	1	ARMSTUMP	SweetSpot	0	E	0,0,0,0
R	305	1	0	SweetSpot	0
S	306	1	ARMSTUMP	SweetSpot	0	E	0,0,0,0
R	306	1	0	SweetSpot	0
S	307	1	ARMSTUMP	SweetSpot	0	E	0,0,0,0
R	307	1	0	SweetSpot	0
S	308	1	ARMSTUMP	SweetSpot	0	E	0,0,0,0
R	308	1	0	SweetSpot	0
S	309	1	ARMSTUMP	SweetSpot	0	E	0,0,0,0
R	309	1	0	SweetSpot	0
S	310	1	ARMSTUMP	SweetSpot	0	E	0,0,0,0
R	310	1	0	SweetSpot	0
S	311	1	ARMSTUMP	SweetSpot	0	E	0,0,0,0
R	311	1	0	SweetSpot	0
S	312	1	ARMSTUMP	SweetSpot	0	E	0,0,0,0
R	312	1	0	SweetSpot	0
S	313	1	ARMSTUMP	SweetSpot	0	E	0,0,0,0
R	313	1	0	SweetSpot	0
S	314	1	ARMSTUMP	SweetSpot	0	E	0,0,0,0
R	314	1	0	SweetSpot	0
S	315	1	ARMSTUMP	SweetSpot	0	E	0,0,0,0
R	315	1	0	SweetSpot	0
S	316	1	ARMSTUMP	SweetSpot	0	E	0,0,0,0
R	316	1	0	SweetSpot	0
S	317	1	ARMSTUMP	SweetSpot	0	E	0,0,0,0
R	317	1	0	SweetSpot	0
S	318	1	ARMSTUMP	SweetSpot	0	E	0,0,0,0
R	318	1	0	SweetSpot	0
S	319	1	ARMSTUMP	SweetSpot	0	E	0,0,0,0
R	319	1	0	SweetSpot	0
S	320	1	ARMSTUMP	SweetSpot	0	E	0,0,0,0
R	320	1	0	SweetSpot	0
S	321	1	ARMSTUMP	SweetSpot	0	E	0,0,0,0
R	321	1	0	SweetSpot	0
S	322	1	ARMSTUMP	SweetSpot	0	E	0,0,0,0
R	322	1	0	SweetSpot	0
S	323	1	ARMSTUMP	AimFromPrimary	0	E	-1,0,0,0
R	323	1	0	AimFromPrimary	0
S	323	1	ARMSTUMP	QueryPrimary	0	E	0,0,0,0
R	323	1	0	QueryPrimary	0
S	323	1	ARMSTUMP	QueryPrimary	0	E	0,0,0,0
R	323	1	0	QueryPrimary	0
S	323	1	ARMSTUMP	FirePrimary	0	E	
S	323	1	ARMSTUMP	RockUnit	3	E	-800,0
S	323	1	ARMSTUMP	SweetSpot	4	E	0,0,0,0
R	323	1	4	SweetSpot	0
S	323	1	ARMSTUMP	HitByWeapon	4	E	-400,10
S	324	1	ARMSTUMP	AimFromPrimary	5	E	-1,0,0,0
R	324	1	5	AimFromPrimary	0
S	324	1	ARMSTUMP	AimPrimary	5	E	33,1095
K	324	1	2	RestoreAfterDelay	5
S	324	1	ARMSTUMP	SweetSpot	2	E	0,0,0,0
R	324	1	2	SweetSpot	0
R	325	1	3	RockUnit	0
S	325	1	ARMSTUMP	SweetSpot	2	E	0,0,0,0
R	325	1	2	SweetSpot	0
S	326	1	ARMSTUMP	RestoreAfterDelay	2	C:5	
R	326	1	5	AimPrimary	1
S	326	1	ARMSTUMP	SweetSpot	3	E	0,0,0,0
R	326	1	3	SweetSpot	0
S	327	1	ARMSTUMP	SweetSpot	3	E	0,0,0,0
R	327	1	3	SweetSpot	0
R	328	1	0	FirePrimary	0
S	328	1	ARMSTUMP	SweetSpot	0	E	0,0,0,0
R	328	1	0	SweetSpot	0
R	329	1	4	HitByWeapon	0
S	329	1	ARMSTUMP	SweetSpot	0	E	0,0,0,0
R	329	1	0	SweetSpot	0
S	330	1	ARMSTUMP	SweetSpot	0	E	0,0,0,0
R	330	1	0	SweetSpot	0
S	331	1	ARMSTUMP	SweetSpot	0	E	0,0,0,0
R	331	1	0	SweetSpot	0
S	332	1	ARMSTUMP	SweetSpot	0	E	0,0,0,0
R	332	1	0	SweetSpot	0
S	333	1	ARMSTUMP	SweetSpot	0	E	0,0,0,0
R	333	1	0	SweetSpot	0
S	334	1	ARMSTUMP	SweetSpot	0	E	0,0,0,0
R	334	1	0	SweetSpot	0
S	335	1	ARMSTUMP	SweetSpot	0	E	0,0,0,0
R	335	1	0	SweetSpot	0
S	336	1	ARMSTUMP	SweetSpot	0	E	0,0,0,0
R	336	1	0	SweetSpot	0
S	337	1	ARMSTUMP	SweetSpot	0	E	0,0,0,0
R	337	1	0	SweetSpot	0
D	338	1	1	52
S	338	1	ARMSTUMP	SweetSpot	0	E	0,0,0,0
R	338	1	0	SweetSpot	0
S	339	1	ARMSTUMP	SweetSpot	0	E	0,0,0,0
R	339	1	0	SweetSpot	0
S	340	1	ARMSTUMP	SweetSpot	0	E	0,0,0,0
R	340	1	0	SweetSpot	0
S	341	1	ARMSTUMP	SweetSpot	0	E	0,0,0,0
R	341	1	0	SweetSpot	0
S	342	1	ARMSTUMP	SweetSpot	0	E	0,0,0,0
R	342	1	0	SweetSpot	0
S	343	1	ARMSTUMP	SweetSpot	0	E	0,0,0,0
R	343	1	0	SweetSpot	0
S	344	1	ARMSTUMP	SweetSpot	0	E	0,0,0,0
R	344	1	0	SweetSpot	0
S	345	1	ARMSTUMP	SweetSpot	0	E	0,0,0,0
R	345	1	0	SweetSpot	0
S	346	1	ARMSTUMP	SweetSpot	0	E	0,0,0,0
R	346	1	0	SweetSpot	0
S	347	1	ARMSTUMP	SweetSpot	0	E	0,0,0,0
R	347	1	0	SweetSpot	0
S	348	1	ARMSTUMP	SweetSpot	0	E	0,0,0,0
R	348	1	0	SweetSpot	0
S	349	1	ARMSTUMP	SweetSpot	0	E	0,0,0,0
R	349	1	0	SweetSpot	0
S	350	1	ARMSTUMP	SweetSpot	0	E	0,0,0,0
R	350	1	0	SweetSpot	0
S	351	1	ARMSTUMP	SweetSpot	0	E	0,0,0,0
R	351	1	0	SweetSpot	0
S	352	1	ARMSTUMP	SweetSpot	0	E	0,0,0,0
R	352	1	0	SweetSpot	0
S	352	1	ARMSTUMP	HitByWeapon	0	E	-398,-39
S	353	1	ARMSTUMP	SweetSpot	3	E	0,0,0,0
R	353	1	3	SweetSpot	0
S	354	1	ARMSTUMP	SweetSpot	3	E	0,0,0,0
R	354	1	3	SweetSpot	0
R	355	1	0	HitByWeapon	0
S	355	1	ARMSTUMP	SweetSpot	0	E	0,0,0,0
R	355	1	0	SweetSpot	0
S	356	1	ARMSTUMP	SweetSpot	0	E	0,0,0,0
R	356	1	0	SweetSpot	0
S	357	1	ARMSTUMP	SweetSpot	0	E	0,0,0,0
R	357	1	0	SweetSpot	0
S	358	1	ARMSTUMP	SweetSpot	0	E	0,0,0,0
R	358	1	0	SweetSpot	0
S	359	1	ARMSTUMP	SweetSpot	0	E	0,0,0,0
R	359	1	0	SweetSpot	0
S	360	1	ARMSTUMP	SweetSpot	0	E	0,0,0,0
R	360	1	0	SweetSpot	0
S	361	1	ARMSTUMP	SweetSpot	0	E	0,0,0,0
R	361	1	0	SweetSpot	0
S	362	1	ARMSTUMP	SweetSpot	0	E	0,0,0,0
R	362	1	0	SweetSpot	0
S	363	1	ARMSTUMP	SweetSpot	0	E	0,0,0,0
R	363	1	0	SweetSpot	0
S	364	1	ARMSTUMP	SweetSpot	0	E	0,0,0,0
R	364	1	0	SweetSpot	0
S	365	1	ARMSTUMP	SweetSpot	0	E	0,0,0,0
R	365	1	0	SweetSpot	0
S	366	1	ARMSTUMP	SweetSpot	0	E	0,0,0,0
R	366	1	0	SweetSpot	0
S	367	1	ARMSTUMP	SweetSpot	0	E	0,0,0,0
R	367	1	0	SweetSpot	0
S	368	1	ARMSTUMP	SweetSpot	0	E	0,0,0,0
R	368	1	0	SweetSpot	0
S	369	1	ARMSTUMP	SweetSpot	0	E	0,0,0,0
R	369	1	0	SweetSpot	0
S	370	1	ARMSTUMP	SweetSpot	0	E	0,0,0,0
R	370	1	0	SweetSpot	0
S	371	1	ARMSTUMP	SweetSpot	0	E	0,0,0,0
R	371	1	0	SweetSpot	0
S	372	1	ARMSTUMP	SweetSpot	0	E	0,0,0,0
R	372	1	0	SweetSpot	0
S	373	1	ARMSTUMP	SweetSpot	0	E	0,0,0,0
R	373	1	0	SweetSpot	0
S	374	1	ARMSTUMP	AimFromPrimary	0	E	-1,0,0,0
R	374	1	0	AimFromPrimary	0
S	374	1	ARMSTUMP	QueryPrimary	0	E	0,0,0,0
R	374	1	0	QueryPrimary	0
S	374	1	ARMSTUMP	QueryPrimary	0	E	0,0,0,0
R	374	1	0	QueryPrimary	0
S	374	1	ARMSTUMP	FirePrimary	0	E	
S	374	1	ARMSTUMP	RockUnit	3	E	-800,0
S	374	1	ARMSTUMP	SweetSpot	4	E	0,0,0,0
R	374	1	4	SweetSpot	0
S	375	1	ARMSTUMP	AimFromPrimary	4	E	-1,0,0,0
R	375	1	4	AimFromPrimary	0
S	375	1	ARMSTUMP	AimPrimary	4	E	33,1095
D	375	1	1	34
K	375	1	2	RestoreAfterDelay	4
S	375	1	ARMSTUMP	SweetSpot	2	E	0,0,0,0
R	375	1	2	SweetSpot	0
S	376	1	ARMSTUMP	SweetSpot	2	E	0,0,0,0
R	376	1	2	SweetSpot	0
R	377	1	3	RockUnit	0
S	377	1	ARMSTUMP	RestoreAfterDelay	2	C:4	
R	377	1	4	AimPrimary	1
S	377	1	ARMSTUMP	SweetSpot	3	E	0,0,0,0
R	377	1	3	SweetSpot	0
S	378	1	ARMSTUMP	SweetSpot	3	E	0,0,0,0
R	378	1	3	SweetSpot	0
R	379	1	0	FirePrimary	0
S	379	1	ARMSTUMP	SweetSpot	0	E	0,0,0,0
R	379	1	0	SweetSpot	0
S	380	1	ARMSTUMP	SweetSpot	0	E	0,0,0,0
R	380	1	0	SweetSpot	0
S	381	1	ARMSTUMP	SweetSpot	0	E	0,0,0,0
R	381	1	0	SweetSpot	0
S	381	1	ARMSTUMP	HitByWeapon	0	E	-400,10
S	382	1	ARMSTUMP	SweetSpot	3	E	0,0,0,0
R	382	1	3	SweetSpot	0
S	383	1	ARMSTUMP	SweetSpot	3	E	0,0,0,0
R	383	1	3	SweetSpot	0
R	384	1	0	HitByWeapon	0
S	384	1	ARMSTUMP	SweetSpot	0	E	0,0,0,0
R	384	1	0	SweetSpot	0
S	385	1	ARMSTUMP	SweetSpot	0	E	0,0,0,0
R	385	1	0	SweetSpot	0
S	386	1	ARMSTUMP	SweetSpot	0	E	0,0,0,0
R	386	1	0	SweetSpot	0
S	387	1	ARMSTUMP	SweetSpot	0	E	0,0,0,0
R	387	1	0	SweetSpot	0
S	388	1	ARMSTUMP	SweetSpot	0	E	0,0,0,0
R	388	1	0	SweetSpot	0
S	389	1	ARMSTUMP	SweetSpot	0	E	0,0,0,0
R	389	1	0	SweetSpot	0
S	390	1	ARMSTUMP	SweetSpot	0	E	0,0,0,0
R	390	1	0	SweetSpot	0
S	391	1	ARMSTUMP	SweetSpot	0	E	0,0,0,0
R	391	1	0	SweetSpot	0
S	392	1	ARMSTUMP	SweetSpot	0	E	0,0,0,0
R	392	1	0	SweetSpot	0
S	393	1	ARMSTUMP	SweetSpot	0	E	0,0,0,0
R	393	1	0	SweetSpot	0
S	394	1	ARMSTUMP	SweetSpot	0	E	0,0,0,0
R	394	1	0	SweetSpot	0
S	395	1	ARMSTUMP	SweetSpot	0	E	0,0,0,0
R	395	1	0	SweetSpot	0
S	396	1	ARMSTUMP	SweetSpot	0	E	0,0,0,0
R	396	1	0	SweetSpot	0
S	397	1	ARMSTUMP	SweetSpot	0	E	0,0,0,0
R	397	1	0	SweetSpot	0
S	398	1	ARMSTUMP	SweetSpot	0	E	0,0,0,0
R	398	1	0	SweetSpot	0
S	399	1	ARMSTUMP	SweetSpot	0	E	0,0,0,0
R	399	1	0	SweetSpot	0
D	408	1	1	23
D	436	1	1	29
D	464	1	1	16
R	468	1	2	RestoreAfterDelay	0
D	492	1	1	39
D	520	1	1	20
D	548	1	1	43
D	576	1	1	22
D	604	1	1	11
D	632	1	1	24
D	660	1	1	2
D	688	1	1	62
D	716	1	1	62
D	744	1	1	50
D	772	1	1	61
D	800	1	1	25
D	828	1	1	63
D	856	1	1	27
D	884	1	1	32
D	912	1	1	19
D	940	1	1	21
D	968	1	1	53
D	996	1	1	47
D	1024	1	1	13
D	1052	1	1	2
D	1080	1	1	38
